C:/Users/mervi/OneDrive/Documents/m_core_rtos/GCC_STM32CubeIDE/0_led_driver/chip_headers/Include/core_cm4.h:1684:22:__NVIC_EnableIRQ	16	static,ignoring_inline_asm
C:/Users/mervi/OneDrive/Documents/m_core_rtos/GCC_STM32CubeIDE/0_led_driver/chip_headers/Include/core_cm4.h:1814:22:__NVIC_SetPriority	16	static
../Src/osKernel.c:36:6:osKernelStackInit	16	static
../Src/osKernel.c:61:9:osKernelAddThreads	24	static,ignoring_inline_asm
../Src/osKernel.c:92:6:osKernelInit	4	static
../Src/osKernel.c:96:6:osKernelLaunch	16	static
../Src/osKernel.c:122:29:SysTick_Handler	0	static,ignoring_inline_asm
../Src/osKernel.c:167:6:osSchedulerLaunch	4	static,ignoring_inline_asm
../Src/osKernel.c:203:6:osThreadYield	4	static
../Src/osKernel.c:211:6:osSchedulerRoundRobin	8	static
../Src/osKernel.c:221:6:tim2_1hz_interrupt_init	8	static
../Src/osKernel.c:244:6:osSemaphoreInit	16	static
../Src/osKernel.c:248:6:osSemaphoreSet	16	static,ignoring_inline_asm
../Src/osKernel.c:254:6:osSemaphoreWait	16	static,ignoring_inline_asm
